---
source: src/ui/features/environments/tests.rs
expression: text
---
terraleph ▸ a-ready            terraform
a┌Help────────────────────────────────┐
┌│ Current: Multi-environment       ▲ │┐
││ ↑ / ↓ / j / k                    ┃ ││
││   select rows in [2] or scroll   ┃ ││
││   [3]                            ┃ ││
││ Space                            │ ││
││   expand or collapse the         │ ││
││   selected group or Same change  │ ││
└│   summary in [2]                 │ │┘
┌│ [ / ]                            │ │┐
││   select the previous or next    │ ││
││   environment                    │ ││
││ 2 / 3                            │ ││
││   focus Compare / Relations      │ ││
││ f                                │ ││
││   maximize or restore [2]        │ ││
││   Compare / [3] Relations        │ ││
││ Enter                            │ ││
││   [3] opens the plan from the    │ ││
││   top; [2] opens the selected    ▼ ││
└│ ?/Esc close                        │┘
v└────────────────────────────────────┘
f maximize | ? help | q quit
