---
source: src/ui/features/environments/tests.rs
expression: text
---
terraleph ▸ a-ready                                                    terraform
a┌Help────────────────────────────────────────────────────────────────────────┐
┌│ Current: Multi-environment Overview                                      ▲ │┐
││ ↑ / ↓ / j / k      select rows in [2] or scroll [3]                      ┃ ││
││ Space              toggle a group or the Same change summary in [2]      ┃ ││
││ [ / ]              select the previous or next environment               ┃ ││
││ 2 / 3              focus Compare / Relations                             ┃ ││
││ f                  maximize or restore [2] Compare / [3] Relations       ┃ ││
││ Enter              [2] opens the selected source; [3] the plan top       ┃ ││
└│ /                  filter [2] addresses; [3] still shows everything      │ │┘
┌│ r                  retry the selected Error environment                  │ │┐
││                                                                          │ ││
││ Other                                                                    │ ││
││ ← / → / h / l      scroll columns in [2] or [3]                          │ ││
││ PgUp / PgDn        move rows in [2] or scroll [3]                        │ ││
││ Home / End / g / G first/last row in [2]; scroll [3] to an edge          │ ││
││ v                  open the full plan from the top                       │ ││
││ y                  copy the selected environment's plan                  │ ││
││ c                  show environment context                              │ ││
││ ?                  show or close this help                               │ ││
││ q                  quit; confirms first while acquiring                  ▼ ││
└│ ?/Esc close                                                                │┘
v└────────────────────────────────────────────────────────────────────────────┘
