---
source: src/ui/features/environments/tests.rs
expression: bottom_text
---
terraleph ▸ a-ready            terraform
a┌Help────────────────────────────────┐
┌│   Differs across envs in [2]     ▲ │┐
││ ? unresolved                     │ ││
││   a relationship could not be    │ ││
└│   determined                     │ │┘
┌│ Grouped links                    │ │┐
││   may apply to only some members │ ││
││ Scope                            │ ││
││   configuration references and   │ ││
││   recorded dependencies; not     │ ││
││   cause, impact, or execution    ┃ ││
││   order                          ▼ ││
└│ ?/Esc close                        │┘
v└────────────────────────────────────┘
f maximize | ? help | q quit
