---
source: src/ui/features/environments/tests.rs
expression: text
---
terraleph ▸ a-ready                                                                                            terraform
a-ready ✓ Ready No changes
┌* [2] Compare · Ready 1/5─────────────────────────────────────────────────────────────────────────────────────────────┐
│                                                                                                                      │
│                                                                                                                      │
│Address     │ a-rea┌Help──────────────────────────────────────────────────────────────────────────┐                   │
│────────────┼──────│ Current: Multi-environment Overview                                        ▲ │───────────────────│
│No matching resourc│ ↑ / ↓ / j / k      select environments in [1], rows in [2], or scroll [3]  ┃ │                   │
│                   │ Space              toggle an environment in [1]; a group or summary in [2] ┃ │                   │
│                   │ o / a              compare the selected / all environments in [1]          ┃ │                   │
│                   │ [ / ]              select the previous or next environment                 ┃ │                   │
│                   │ 1 / 2 / 3          focus Envs / Compare / Relations; 1 opens Envs          ┃ │                   │
│                   │ b                  toggle the Envs sidebar                                 ┃ │                   │
│                   │ f                  maximize or restore [2] Compare / [3] Relations         ┃ │                   │
│blank: absent   .: │ Enter              [2] opens the selected source; [1] or [3] the plan top  ┃ │                   │
└───────────────────│ /                  filter [2] addresses; [3] still shows everything        ┃ │───────────────────┘
┌  [3] Relations · a│ r                  retry the selected Error environment                    ┃ │───────────────────┐
│No changes to show │                                                                            ┃ │                   │
│                   │ Other                                                                      ┃ │                   │
│                   │ ← / → / h / l      scroll columns in [2] or [3]                            ┃ │                   │
│                   │ PgUp / PgDn        move rows in [2] or scroll [3]                          │ │                   │
│                   │ Home / End / g / G first/last item in [1] or [2]; scroll [3] to an edge    │ │                   │
│                   │ v                  open the full plan from the top                         │ │                   │
│                   │ y                  copy the selected environment's plan                    │ │                   │
│                   │ c                  show environment context                                │ │                   │
│                   │ ?                  show or close this help                                 │ │                   │
│                   │ q                  quit; confirms first while acquiring                    │ │                   │
│                   │                                                                            │ │                   │
│                   │ Matrix legend                                                              │ │                   │
│                   │ + / ~ / -          create / update / delete                                │ │                   │
│                   │ +/- / -/+          replace (create→delete / delete→create)                 │ │                   │
│                   │ blank              resource absent from this environment                   │ │                   │
│                   │ .                  resource present, with no change                        ▼ │                   │
│                   │ ?/Esc close                                                                  │                   │
│                   └──────────────────────────────────────────────────────────────────────────────┘                   │
│                                                                                                                      │
│                                                                                                                      │
└──────────────────────────────────────────────────────────────────────────────────────────────────────────────────────┘
v full plan | / filter | [/] env | b toggle envs | 1/2/3 focus | f maximize | ? help | q quit
