---
source: src/ui/features/environments/tests.rs
expression: bottom_text
---
terraleph ▸ a-ready            terraform
a┌Help────────────────────────────────┐
┌│                                  ▲ │┐
││ Relations                        │ ││
││ A ──> B            B uses A      │ ││
└│ block-level        may not apply │ │┘
┌│ (state)            recorded in s │ │┐
││ !                  the row is li │ ││
││ ? unresolved       a relationshi │ ││
││ Grouped links      may apply to  ┃ ││
││ Scope              configuration ┃ ││
││ Not shown          cause, impact ▼ ││
││ ◀︎═════════════─────────────────▶︎   ││
└│ ←/→ scroll | ?/Esc close           │┘
v└────────────────────────────────────┘
f maximize | ? help | q quit
