---
source: src/ui/features/environments/tests.rs
expression: text
---
terraleph ▸ a-ready            terraform
a┌Help────────────────────────────────┐
┌│ Current: Multi-environment Overv ▲ │┐
││ ↑ / ↓ / j / k      select rows i ┃ ││
││ Space              toggle a grou ┃ ││
││ [ / ]              select the pr ┃ ││
││ 2 / 3              focus Compare ┃ ││
││ f                  maximize or r ┃ ││
││ Enter              [2] opens the ┃ ││
└│ /                  filter [2] ad │ │┘
┌│ r                  retry the sel │ │┐
││                                  │ ││
││ Other                            │ ││
││ ← / → / h / l      scroll column │ ││
││ PgUp / PgDn        move rows in  │ ││
││ Home / End / g / G first/last ro │ ││
││ v                  open the full │ ││
││ y                  copy the sele │ ││
││ c                  show environm │ ││
││ ?                  show or close ▼ ││
││ ◀︎═════════════─────────────────▶︎   ││
└│ ←/→ scroll | ?/Esc close           │┘
v└────────────────────────────────────┘
? help | q quit
