---
source: src/ui/features/environments/tests.rs
expression: text
---
terraleph ▸ a-ready            terraform
a┌Help────────────────────────────────┐
┌│ Current: Multi-environment Overv ▲ │┐
││ ↑ / ↓ / j / k      select rows i ┃ ││
││ Space              toggle a grou ┃ ││
└│ [ / ]              select the pr │ │┘
┌│ 2 / 3              focus Compare │ │┐
││ f                  maximize or r │ ││
││ Enter              [2] opens the │ ││
││ /                  filter [2] ad │ ││
││ r                  retry the sel │ ││
││                                  ▼ ││
││ ◀︎═════════════─────────────────▶︎   ││
└│ ←/→ scroll | ?/Esc close           │┘
v└────────────────────────────────────┘
f maximize | ? help | q quit
