---
source: src/ui/features/overview/relations/render.rs
expression: buffer_visual_snapshot(&output)
---
40x16
row 0: 0..3 fg=DarkGray bg=Reset modifier=NONE text="┌  " | 3..16 fg=Reset bg=Reset modifier=BOLD text="[3] Relations" | 16..23 fg=Reset bg=Reset modifier=NONE text=" · prod" | 23..40 fg=DarkGray bg=Reset modifier=NONE text=" · whole env────┐"
row 1: 0..1 fg=DarkGray bg=Reset modifier=NONE text="│" | 1..38 fg=Reset bg=Reset modifier=NONE text="g_resource_with_many_segments.this_6 " | 38..39 fg=Rgb(192, 184, 176) bg=Reset modifier=NONE text="▲" | 39..40 fg=DarkGray bg=Reset modifier=NONE text="│"
row 2: 0..1 fg=DarkGray bg=Reset modifier=NONE text="│" | 1..38 fg=Reset bg=Reset modifier=NONE text="g_resource_with_many_segments.this_7 " | 38..39 fg=Rgb(80, 82, 94) bg=Reset modifier=NONE text="│" | 39..40 fg=DarkGray bg=Reset modifier=NONE text="│"
row 3: 0..1 fg=DarkGray bg=Reset modifier=NONE text="│" | 1..38 fg=Reset bg=Reset modifier=NONE text="g_resource_with_many_segments.this_8 " | 38..39 fg=Rgb(80, 82, 94) bg=Reset modifier=NONE text="│" | 39..40 fg=DarkGray bg=Reset modifier=NONE text="│"
row 4: 0..1 fg=DarkGray bg=Reset modifier=NONE text="│" | 1..38 fg=Reset bg=Reset modifier=NONE text="g_resource_with_many_segments.this_9 " | 38..39 fg=Rgb(80, 82, 94) bg=Reset modifier=NONE text="│" | 39..40 fg=DarkGray bg=Reset modifier=NONE text="│"
row 5: 0..1 fg=DarkGray bg=Reset modifier=NONE text="│" | 1..38 fg=Reset bg=Reset modifier=NONE text="g_resource_with_many_segments.this_10" | 38..39 fg=Rgb(80, 82, 94) bg=Reset modifier=NONE text="│" | 39..40 fg=DarkGray bg=Reset modifier=NONE text="│"
row 6: 0..1 fg=DarkGray bg=Reset modifier=NONE text="│" | 1..38 fg=Reset bg=Reset modifier=NONE text="g_resource_with_many_segments.this_11" | 38..39 fg=Rgb(192, 184, 176) bg=Reset modifier=NONE text="┃" | 39..40 fg=DarkGray bg=Reset modifier=NONE text="│"
row 7: 0..1 fg=DarkGray bg=Reset modifier=NONE text="│" | 1..38 fg=Reset bg=Reset modifier=NONE text="g_resource_with_many_segments.this_12" | 38..39 fg=Rgb(192, 184, 176) bg=Reset modifier=NONE text="┃" | 39..40 fg=DarkGray bg=Reset modifier=NONE text="│"
row 8: 0..1 fg=DarkGray bg=Reset modifier=NONE text="│" | 1..38 fg=Reset bg=Reset modifier=NONE text="g_resource_with_many_segments.this_13" | 38..39 fg=Rgb(192, 184, 176) bg=Reset modifier=NONE text="┃" | 39..40 fg=DarkGray bg=Reset modifier=NONE text="│"
row 9: 0..1 fg=DarkGray bg=Reset modifier=NONE text="│" | 1..38 fg=Reset bg=Reset modifier=NONE text="g_resource_with_many_segments.this_14" | 38..39 fg=Rgb(192, 184, 176) bg=Reset modifier=NONE text="┃" | 39..40 fg=DarkGray bg=Reset modifier=NONE text="│"
row 10: 0..1 fg=DarkGray bg=Reset modifier=NONE text="│" | 1..38 fg=Reset bg=Reset modifier=NONE text="g_resource_with_many_segments.this_15" | 38..39 fg=Rgb(192, 184, 176) bg=Reset modifier=NONE text="┃" | 39..40 fg=DarkGray bg=Reset modifier=NONE text="│"
row 11: 0..1 fg=DarkGray bg=Reset modifier=NONE text="│" | 1..38 fg=Reset bg=Reset modifier=NONE text="g_resource_with_many_segments.this_16" | 38..39 fg=Rgb(192, 184, 176) bg=Reset modifier=NONE text="┃" | 39..40 fg=DarkGray bg=Reset modifier=NONE text="│"
row 12: 0..1 fg=DarkGray bg=Reset modifier=NONE text="│" | 1..38 fg=Reset bg=Reset modifier=NONE text="g_resource_with_many_segments.this_17" | 38..39 fg=Rgb(192, 184, 176) bg=Reset modifier=NONE text="┃" | 39..40 fg=DarkGray bg=Reset modifier=NONE text="│"
row 13: 0..1 fg=DarkGray bg=Reset modifier=NONE text="│" | 1..38 fg=Reset bg=Reset modifier=NONE text="g_resource_with_many_segments.this_18" | 38..39 fg=Rgb(192, 184, 176) bg=Reset modifier=NONE text="┃" | 39..40 fg=DarkGray bg=Reset modifier=NONE text="│"
row 14: 0..1 fg=DarkGray bg=Reset modifier=NONE text="│" | 1..38 fg=Reset bg=Reset modifier=NONE text="g_resource_with_many_segments.this_19" | 38..39 fg=Rgb(80, 82, 94) bg=Reset modifier=NONE text="▼" | 39..40 fg=DarkGray bg=Reset modifier=NONE text="│"
row 15: 0..40 fg=DarkGray bg=Reset modifier=NONE text="└──────────────────────────────────────┘"
