---
source: src/ui/features/execution/render.rs
expression: buffer_text(buffer)
---






 Terraleph | main

 ┌Failed──────────────────────────────────────────────────────────────────────┐
 │Terraform failed: Exited(1)                                                 │
 │Waiting 0s    Follow: On                                                    │
 │Elapsed 2.0s                                                                │
 │reading output                                                              │
 │synthetic plan failure                                                      │
 │────────────────────────────────────────────────────────────────────────────│
 └────────────────────────────────────────────────────────────────────────────┘
 q/Ctrl-C quit | y copy diagnostic
