---
source: src/ui/features/execution/render.rs
expression: buffer_text(buffer)
---

 Terraleph | main

 ┌Reading─────────────────────────────────────────────────────────────────────┐
 │| Reading plan...                                                           │
 │Waiting 2s                                                                  │
 │Elapsed 2.0s                                                                │
 │reading output                                                              │
 │                                                                            │
 │                                                                            │
 │                                                                            │
 │                                                                            │
 │                                                                            │
 │                                                                            │
 │                                                                            │
 │                                                                            │
 │                                                                            │
 │                                                                            │
 │                                                                            │
 │                                                                            │
 │────────────────────────────────────────────────────────────────────────────│
 └────────────────────────────────────────────────────────────────────────────┘
 Ctrl-C cancel
