---
source: src/ui/features/plan_review/render/tests.rs
expression: buffer_text(buffer)
---
Target: main [PROD] Workspace: default Tool: terraform loading... Dir: /re...ain
Cmain [PROD]  ws:default  terraform loading...  /repo/environm...roduction/main

─┌────────────────────────────────────────────────────────────────────────────┐─
 │                                                                            │▲
 │ Apply this reviewed plan?                                                  │┃
 │                                                                            │┃
 │ Target: main [PROD]                                                        │┃
 │ Workspace: default                                                         │┃
 │ Directory: /repo/environments/production/main                              │┃
 │ Tool: terraform loading...                                                 │┃
 │ Plan: +1 add  ~1 update  1 replace  -1 destroy                             │┃
-│                                                                            ││
 │ Destroy:                                                                   ││
 │   terraform_data.old                                                       ││
 │ Replace:                                                                   ││
 │   terraform_data.worker                                                    ││
 │                                                                            ││
 │ Type main to apply (exact match).                                          ││
 │ > |                                                                        ││
 │                                                                            ││
◀︎└────────────────────────────────────────────────────────────────────────────┘▶︎
─Enter confirm | Esc back | ? help──────────────────────────────────────────────
s overview | / filter | a apply | ? help | q quit                      Line 3/43
