---
source: src/ui/features/plan_review/render/tests.rs
expression: buffer_text(buffer)
---
Target: main [PROD] Workspace: default
C┌Help────────────────────────────────┐
-│ Navigation                       ▲ │
 │ ↑ / ↓ / j / k                    ┃ │
─│   scroll vertically              ┃ │─
 │ ← / → / h / l                    ┃ │▲
 │   scroll horizontally            ┃ │┃
 │ PgUp / PgDn                      │ ││
 │   scroll one page                │ ││
 │ Home / End                       │ ││
 │   go to the top or bottom        │ ││
 │ s                                │ ││
◀︎│   overview                       ▼ │▶︎
─│ ?/Esc close                        │─
s└────────────────────────────────────┘
? help | q quit                    L3/43
