---
source: src/ui/features/plan_review/render/tests.rs
expression: buffer_text(buffer)
---
Target: empty Workspace: default Tool: terraform loading... Dir: /repo/environments/staging/empty  Changes  No changes

────────────────────────────────────────────────────────────────────────────────────────────────────────────────────────



































────────────────────────────────────────────────────────────────────────────────────────────────────────────────────────
s overview | / filter | ? help | q quit                                                                         Line 1/1
