---
source: src/ui/features/plan_review/render/tests.rs
expression: buffer_text(buffer)
---
Target: main [PROD] Workspace: default Tool: terraform loading... Dir: /repo/environments/production/main  Changes  +1 add  ~1 update  1 replace  -1 destroy

────────────────────────────────────────────────────────────────────────────────────────────────────────────────────────────────────────────────────────────────
  # terraform_data.api will be updated in-place
  ~ resource "terraform_data" "api" {
      id       = "api-20260920"
 main [PROD]  ws:default  terraform loading...  /repo/environments/production/main
      # (4 unchanged attributes hidden)
    }

  # terraform_data.worker must be replaced
-/+ resource "terraform_data" "worker" {
      ~ input = "worker-before" -> "worker-after" # forces replacement
      - old_checksum = "sha256:0123456789abcdef0123456789abcdef0123456789abcdef"
      + new_checksum = (known after apply)
    }

  # terraform_data.old will be destroyed
  - resource "terraform_data" "old" {
      id = "old-20260920"
    }
                                        ┌──────────────────────────────────────────────────────────────────────────────┐
  # terraform_data.new will be created  │                                                                              │
  + resource "terraform_data" "new" {   │ Apply this reviewed plan?                                                    │
      input = "new-value"               │                                                                              │
      note  = "A deliberately long synth│ Target: main [PROD]                                                          │
    }                                   │ Workspace: default                                                           │
                                        │ Directory: /repo/environments/production/main                                │
Changes to Outputs:                     │ Tool: terraform loading...                                                   │
  + endpoint = (known after apply)      │ Plan: +1 add  ~1 update  1 replace  -1 destroy                               │
  ~ summary  = "old summary" -> "new sum│                                                                              │
                                        │ Destroy:                                                                     │
Warning: Value for "pending" is not know│   terraform_data.old                                                         │
                                        │ Replace:                                                                     │
Plan: 2 to add, 1 to change, 2 to destro│   terraform_data.worker                                                      │
                                        │                                                                              │
Synthetic review text continues below so│ Type main to apply (exact match).                                            │
The same long body is intentionally reus│ > |                                                                          │
No Terraform process, provider, state fi│                                                                              │
The review surface preserves Terraform o└──────────────────────────────────────────────────────────────────────────────┘
Long lines remain unwrapped in the plan Enter confirm | Esc back | ? help the hidden suffix.
Vertical movement exposes later lines in this synthetic plan body.

End of synthetic plan body.














────────────────────────────────────────────────────────────────────────────────────────────────────────────────────────────────────────────────────────────────
s overview | / filter | a apply | ? help | q quit                                                                                                      Line 3/43
