---
source: src/ui/features/plan_review/render/tests.rs
expression: buffer_text(buffer)
---
Target: main [PROD] Workspace: default Tool: terraform loading... Dir: /repo/environments/production/main
Changes  +1 add  ~1 update  1 replace  -1 destroy

────────────────────────────────────────────────────────────────────────────────────────────────────────────────────────
 main [PROD]  ws:default  terraform loading...  /repo/environments/production/main                                     ▲
  ~ resource "terraform_data" "api" {                                                                                  ┃
      id       = "api-20260920"                                                                                        ┃
      ~ input  = "before" -> "after"                                                                                   ┃
      # (4 unchanged attributes hidden)                                                                                ┃
    }                                                                                                                  ┃
                                                                                                                       ┃
  # terraform_data.w┌──────────────────────────────────────────────────────────────────────────────┐                   ┃
-/+ resource "terraf│                                                                              │                   ┃
      ~ input = "wor│ Apply this reviewed plan?                                                    │                   ┃
      - old_checksum│                                                                              │                   ┃
      + new_checksum│ Target: main [PROD]                                                          │                   ┃
    }               │ Workspace: default                                                           │                   ┃
                    │ Directory: /repo/environments/production/main                                │                   ┃
  # terraform_data.o│ Tool: terraform loading...                                                   │                   ┃
  - resource "terraf│ Plan: +1 add  ~1 update  1 replace  -1 destroy                               │                   ┃
      id = "old-2026│                                                                              │                   ┃
    }               │ Destroy:                                                                     │                   ┃
                    │   terraform_data.old                                                         │                   ┃
  # terraform_data.n│ Replace:                                                                     │                   ┃
  + resource "terraf│   terraform_data.worker                                                      │                   ┃
      input = "new-v│                                                                              │                   ┃
      note  = "A del│ Type main to apply (exact match).                                            │                   ┃
    }               │ > |                                                                          │                   ┃
                    │                                                                              │                   ┃
Changes to Outputs: └──────────────────────────────────────────────────────────────────────────────┘                   ┃
  + endpoint = (knowEnter confirm | Esc back | ? help                                                                  ┃
  ~ summary  = "old summary" -> "new summary with a deliberately long value for review"                                ┃
                                                                                                                       │
Warning: Value for "pending" is not known until apply                                                                  │
                                                                                                                       │
Plan: 2 to add, 1 to change, 2 to destroy.                                                                             │
                                                                                                                       │
Synthetic review text continues below so the viewport and scrollbar remain meaningful.                                 ▼
────────────────────────────────────────────────────────────────────────────────────────────────────────────────────────
s overview | / filter | a apply | ? help | q quit                                                              Line 3/43
