---
source: src/ui/features/plan_review/render/tests.rs
expression: buffer_text(buffer)
---
Target: main [PROD] Workspace: default Tool: terraform 1.9.0 Dir: ./envir...main
Cmain [PROD]  ws:default  terraform 1.9.0  ./environments/production/main

─┌───────────┌Apply help─────────────────────────────────────────┐────────────┐─
 │           │ Navigation                                        │            │▲
 │ Apply this│ ↑ / ↓ / PgUp / PgDn scroll confirmation           │            │┃
 │           │ ← / →               move in confirmation input    │            │┃
 │ Target: ma│ Home / End          move to input start or end    │            │┃
 │ Workspace:│                                                   │            │┃
 │ Directory:│ Input                                             │            │┃
 │ Tool: terr│ Type                enter the confirmation text   │            │┃
 │ Plan: +1 a│ Backspace           delete before the cursor      │            │┃
-│           │                                                   │            ││
 │ Destroy:  │ Context                                           │            ││
 │   terrafor│ Tab                 show execution context        │            ││
 │ Replace:  │                                                   │            ││
 │   terrafor│ Apply                                             │            ││
 │           │ Enter               confirm apply                 │            ││
 │ Type main │ Esc                 return to plan review         │            ││
 │ > |       │ ?/Esc close                                       │            ││
 │           └───────────────────────────────────────────────────┘            ││
◀︎└────────────────────────────────────────────────────────────────────────────┘▶︎
─Enter confirm | Esc back | ? help──────────────────────────────────────────────
s overview | / filter | a apply | ? help | q quit                      Line 3/43
