---
source: src/ui/features/plan_review/render/tests.rs
expression: buffer_text(buffer)
---
Target: main [PROD] Workspace: default
Cmain [PROD]  ws:de...s/production/main
-┌Apply help──────────────────────────┐
 │ Navigation                         │
─│ ↑ / ↓ / PgUp / PgDn scroll confi   │─
 │ ← / →               move in conf   │▲
 │ Home / End          move to inpu   │┃
 │                                    │┃
 │ Input                              │┃
 │ Type                enter the co   │┃
 │ Backspace           delete befor   │┃
 │                                    ││
 │ Context                            ││
-│ Tab                 show executi   ││
 │                                    ││
 │ Apply                              ││
 │ Enter               confirm appl   ││
 │ Esc                 return to pl   ││
 │ ◀︎════════════════════──────────▶︎   ││
 │ ←/→ scroll | ?/Esc close           ││
◀︎└────────────────────────────────────┘▶︎
────────────────────────────────────────
s overview | / filter | a apply
? help | q quit                    L3/43
