---
source: src/ui/features/plan_review/render/tests.rs
expression: buffer_text(buffer)
---
Target: main [PROD] Workspace: default
C┌Apply help──────────────────────────┐
-│   delete before the cursor       ▲ │
 │                                  │ │
─│ Context                          │ │─
 │ Tab                              │ │▲
 │   show execution context         │ │┃
 │                                  │ ││
 │ Apply                            ┃ ││
 │ Enter                            ┃ ││
 │   confirm apply                  ┃ ││
 │ Esc                              ┃ ││
◀︎│   return to plan review          ▼ │▶︎
─│ ?/Esc close                        │─
s└────────────────────────────────────┘
? help | q quit                    L3/43
