---
source: src/ui/features/plan_review/render/tests.rs
expression: buffer_text(buffer)
---
Target: main [PROD] Workspace: default
C┌Help────────────────────────────────┐
-│ Actions                          ▲ │
 │ c                                │ │
─│   show execution context         │ │─
 │ y                                │ │▲
 │   copy the full plan             │ │┃
 │ a                                │ ││
 │   apply the full plan            ┃ ││
 │                                  ┃ ││
 │ Exit                             ┃ ││
 │ q                                ┃ ││
◀︎│   quit                           ▼ │▶︎
─│ ?/Esc close                        │─
s└────────────────────────────────────┘
? help | q quit                    L3/43
