---
source: src/ui/features/plan_review/render/tests.rs
expression: buffer_text(buffer)
---
Target: main [PROD] Workspace: default
C┌Apply help──────────────────────────┐
-│ Navigation                       ▲ │
 │ ↑ / ↓ / PgUp / PgDn              ┃ │
─│   scroll confirmation            ┃ │─
 │ ← / →                            ┃ │▲
 │   move in confirmation input     ┃ │┃
 │ Home / End                       ┃ │┃
 │   move to input start or end     ┃ │┃
 │                                  ┃ │┃
 │ Input                            ┃ │┃
 │ Type                             ┃ ││
 │   enter the confirmation text    ┃ ││
-│ Backspace                        ┃ ││
 │   delete before the cursor       ┃ ││
 │                                  ┃ ││
 │ Context                          ┃ ││
 │ Tab                              │ ││
 │   show execution context         │ ││
 │                                  │ ││
◀︎│ Apply                            ▼ │▶︎
─│ ?/Esc close                        │─
s└────────────────────────────────────┘
? help | q quit                    L3/43
