---
source: src/ui/features/environments/tests/matrix.rs
assertion_line: 2264
expression: rendered.as_str()
---
terraleph ▸ env-11                                                     terraform
env-11 ✓ Ready ~1
┌* [2] Compare─────────────────────────────────────────────────────────────────┐
│                                                                              │
│Address                  │ env-09      env-10      env-11      │ why          │
│─────────────────────────┼─────────────────────────────────────┼──────────────│
│> ▸ Same change across envs: 1 pattern  Space expand                          │
│                                                                              │
│Rows match by address · blank: absent   .: unchanged   ?: plan unavailable    │
└──────────────────────────────────────────────────────────────────────────────┘
┌  [3] Relations · env-11 · whole env──────────────────────────────────────────┐
│Links unknown                                                                 │
│  ~ terraform_data.api ?  configuration not collected, state not collected    │
│                                                                              │
│? unresolved means a relationship could not be determined                     │
│                                                                              │
│                                                                              │
│                                                                              │
│                                                                              │
│                                                                              │
│                                                                              │
└──────────────────────────────────────────────────────────────────────────────┘
v full plan | / filter | Space expand selected | [/] env | f maximize | ? help
q quit
