---
source: src/ui/features/environments/tests/matrix.rs
expression: output
---
terraleph ▸ prod                                                            tofu
staging ✗ Error  │  staging ✗ Error
┌* [2] Compare · Ready 0/2─────────────────────────────────────────────────────┐
│                                                                              │
│Address     │ staging     staging     │ why                                   │
│────────────┼─────────────────────────┼───────────────────────────────────────│
│Waiting for environment plans.                                                │
│                                                                              │
│blank: absent   .: unchanged   ?: plan unavailable                            │
└──────────────────────────────────────────────────────────────────────────────┘
┌  [3] Relations · staging · whole env─────────────────────────────────────────┐
│Plan failed: Synthetic acquisition error                                      │
│                                                                              │
│                                                                              │
│                                                                              │
│                                                                              │
│                                                                              │
│                                                                              │
│                                                                              │
│                                                                              │
│                                                                              │
└──────────────────────────────────────────────────────────────────────────────┘
v full plan | / filter | r retry | [/] env | f maximize | ? help | q quit
