---
source: src/ui/features/environments/tests/matrix.rs
assertion_line: 1462
expression: rendered
---
terraleph ▸ dev                                                        terraform
dev ✓ Ready ~11  │  stg ✓ Ready ~100 1 replace  │  prod ✓ Ready ~10 -1
┌* [2] Compare─────────────────────────────────────────────────────────────────┐
│                                                                              │
│Address                           │ dev         stg         │ why             │
│──────────────────────────────────┼─────────────────────────┼─────────────────│
│Differs across envs                                                           │
│> terraform_data.api              │ ~           +/-         │ action          │
│Rows match by address · blank: absent   .: unchanged   ?: plan unavailable    │
└──────────────────────────────────────────────────────────────────────────────┘
┌  [3] Relations · dev · whole env─────────────────────────────────────────────┐
│Links unknown                                                                 │
│> ~ terraform_data.api ! ?  configuration not collected, state not collected  │
│  ~ terraform_data.server[*] ×10 ?  configuration not collected, state not col│
│                                                                              │
│! differs across envs                                                         │
│? unresolved means a relationship could not be determined                     │
│                                                                              │
│                                                                              │
│                                                                              │
│                                                                              │
└──────────────────────────────────────────────────────────────────────────────┘
Enter open selected row | v full plan | / filter | [/] env | f maximize | ? help
q quit
