---
source: src/ui/features/overview/render.rs
expression: bottom_text
---
infra  ws:default  ...ng...  /repo/infra
✓┌Help────────────────────────────────┐
─│ Grouped links                    ▲ │─
┌│   may apply to only some members │ │┐
││ Scope                            │ ││
││   configuration references and   │ ││
└│   recorded dependencies; not     │ │┘
┌│   cause, impact, or execution    │ │┐
││   order                          │ ││
││                                  │ ││
││ Exit                             │ ││
││ q                                ┃ ││
└│   quit                           ▼ │┘
─│ ?/Esc close                        │─
/└────────────────────────────────────┘
2/3 focus | f maximize | ? help | q quit
