---
source: src/ui/features/overview/render.rs
expression: text
---
infra  ws:default  terraform loading...  /repo/infra
✓┌Help────────────────────────────────────────────────────────────────────────┐
─│ Navigation                                                               ▲ │─
┌│ 2 / 3              focus Changes · infra / Relations                     ┃ │┐
││ ↑ / ↓ / j / k      select a Changes row or scroll Relations              ┃ ││
││ ← / → / h / l      scroll Changes or Relations horizontally              ┃ ││
││ PgUp / PgDn        move one page                                         ┃ ││
││ Home / End / g / G go to the top or bottom                               ┃ ││
││ f                  maximize or restore [2] Changes · infra / [3]         ┃ ││
└│                    Relations                                             ┃ │┘
┌│                                                                          ┃ │┐
││ Review                                                                   ┃ ││
││ ✓ Ready            plan acquisition completed; review and apply safety   │ ││
││                    are separate                                          │ ││
││ Enter              open the selected raw block                           │ ││
││ /                  filter Changes full addresses                         │ ││
││ Space              expand or collapse only on ▸/▾ group rows             │ ││
││ [unknown values]   known changes and unknown paths match; final values   │ ││
││                    may differ                                            │ ││
││ v                  show the full plan from the top                       │ ││
└│                                                                          ▼ │┘
─│ ?/Esc close                                                                │─
/└────────────────────────────────────────────────────────────────────────────┘
q quit
