---
source: src/ui/features/overview/render.rs
expression: text
---
infra  ws:default  terraform loading...  /repo/infra
✓ Ready  ~2 update  Repeated: 2
────────────────────────────────────────────────────────────────────────────────────────────────────
┌* [2] Changes · infra─────────────────────────────────────────────────────────────────────────────┐
│  Change Address                                                                                  │
│Other changes: 1 output/import/move or unsupported change(s). Press v for the full plan.          │
│  ~ x2   ▸ terraform_data.server[*]                                                               │
│                                                                                                  │
│                                                                                                  │
└──────────────────────────────────────────────────────────────────────────────────────────────────┘
┌  [3] Relations · whole env───────────────────────────────────────────────────────────────────────┐
│Links unknown                                                                                     │
│  ~ terraform_data.server[*] ×2 ?  configuration not collected, state not collected               │
│                                                                                                  │
│? unresolved means a relationship could not be determined                                         │
│                                                                                                  │
│                                                                                                  │
│                                                                                                  │
│                                                                                                  │
│                                                                                                  │
│                                                                                                  │
└──────────────────────────────────────────────────────────────────────────────────────────────────┘
────────────────────────────────────────────────────────────────────────────────────────────────────
/ filter | Enter open raw | v full plan | 2/3 focus | f maximize | ? help | q quit
