---
source: src/ui/features/overview/render.rs
expression: text
---
infra  ws:default  ...ng...  /repo/infra
✓┌Help────────────────────────────────┐
─│ Navigation                       ▲ │─
┌│ 2 / 3                            ┃ │┐
││   focus Changes · infra /        │ ││
││   Relations                      │ ││
└│ ↑ / ↓ / j / k                    │ │┘
┌│   select a Changes row or scroll │ │┐
││   Relations                      │ ││
││ ← / → / h / l                    │ ││
││   scroll Changes or Relations    │ ││
││   horizontally                   │ ││
└│ PgUp / PgDn                      ▼ │┘
─│ ?/Esc close                        │─
/└────────────────────────────────────┘
2/3 focus | f maximize | ? help | q quit
