---
source: src/ui/features/overview/render.rs
expression: bottom_text
---
infra  ws:default  ...ng...  /repo/infra
✓┌Help────────────────────────────────┐
─│ block-level        may not apply ▲ │─
┌│ (state)            recorded in s │ │┐
││ !                  the row is li │ ││
││ ? unresolved       a relationshi │ ││
└│ Grouped links      may apply to  │ │┘
┌│ Scope              configuration │ │┐
││ Not shown          cause, impact ┃ ││
││                                  ┃ ││
││ Exit                             ┃ ││
││ q                  quit          ▼ ││
└│ ◀︎═════════════─────────────────▶︎   │┘
─│ ←/→ scroll | ?/Esc close           │─
/└────────────────────────────────────┘
f maximize | ? help | q quit
